E2EE relay listening on https://localhost:3000
2026-02-09T08:59:51.354Z /
2026-02-09T09:00:40.582Z /
2026-02-09T09:02:33.674Z /
2026-02-09T09:02:34.008Z /version.txt
2026-02-09T11:15:05.321Z /
2026-02-09T11:15:05.595Z /version.txt
2026-02-09T11:16:21.796Z /
2026-02-09T11:16:22.074Z /version.txt
2026-02-09T11:16:30.929Z /
2026-02-09T11:16:31.189Z /version.txt
2026-02-09T11:16:31.889Z /
2026-02-09T11:16:32.146Z /
2026-02-09T11:16:32.152Z /version.txt
2026-02-09T11:16:32.425Z /
2026-02-09T11:16:32.471Z /version.txt
2026-02-09T11:16:32.476Z /
2026-02-09T11:16:32.700Z /version.txt
2026-02-09T11:23:35.097Z /
2026-02-09T11:23:35.234Z /
2026-02-09T11:37:06.365Z /
2026-02-09T11:40:37.845Z /
2026-02-09T11:40:38.229Z /app.js
2026-02-09T11:40:38.499Z /version.txt
2026-02-09T11:40:39.642Z /favicon.ico
2026-02-09T11:41:42.033Z /events
2026-02-09T11:41:42.034Z /register
2026-02-09T11:41:42.149Z /peers
2026-02-09T11:41:47.550Z /peers
2026-02-09T11:42:13.974Z /register
2026-02-09T11:42:13.976Z /events
2026-02-09T11:42:14.031Z /peers
2026-02-09T11:42:14.661Z /events
2026-02-09T11:42:14.664Z /register
2026-02-09T11:42:14.743Z /peers
2026-02-09T11:42:14.745Z /peers
2026-02-09T11:42:14.862Z /events
2026-02-09T11:42:14.868Z /register
2026-02-09T11:42:14.930Z /peers
2026-02-09T11:42:14.941Z /peers
2026-02-09T11:42:16.884Z /send
2026-02-09T11:42:18.469Z /send
2026-02-09T11:42:18.577Z /send
2026-02-09T11:42:19.525Z /send
2026-02-09T11:42:23.132Z /send
2026-02-09T11:42:26.261Z /send
2026-02-09T11:42:28.693Z /send
2026-02-09T11:42:36.206Z /send
2026-02-09T11:42:37.334Z /send
2026-02-09T11:42:38.661Z /send
2026-02-09T11:42:39.040Z /send
2026-02-09T11:42:40.965Z /send
2026-02-09T11:42:47.105Z /send
2026-02-09T11:42:50.278Z /send
2026-02-09T11:42:54.123Z /send
2026-02-09T11:42:57.923Z /send
2026-02-09T11:43:02.304Z /send
2026-02-09T11:43:03.235Z /send
2026-02-09T11:43:05.430Z /send
2026-02-09T11:43:09.948Z /send
2026-02-09T11:43:21.950Z /send
2026-02-09T11:43:22.440Z /
2026-02-09T11:43:22.680Z /version.txt
2026-02-09T11:43:28.306Z /register
2026-02-09T11:43:28.308Z /events
2026-02-09T11:43:28.375Z /peers
2026-02-09T11:43:31.543Z /send
2026-02-09T11:43:41.089Z /send
2026-02-09T11:43:41.908Z /send
2026-02-09T11:43:47.353Z /register
2026-02-09T11:43:47.358Z /events
2026-02-09T11:43:47.433Z /peers
2026-02-09T11:43:59.801Z /send
2026-02-09T11:44:00.686Z /register
2026-02-09T11:44:00.688Z /events
2026-02-09T11:44:00.755Z /peers
2026-02-09T11:44:04.195Z /register
2026-02-09T11:44:04.200Z /events
2026-02-09T11:44:04.262Z /peers
2026-02-09T11:44:04.267Z /peers
2026-02-09T11:44:04.315Z /peers
2026-02-09T11:44:04.367Z /peers
2026-02-09T11:44:04.420Z /peers
2026-02-09T11:44:04.558Z /peers
2026-02-09T11:44:04.610Z /peers
2026-02-09T11:44:08.276Z /send
2026-02-09T11:44:10.628Z /send
2026-02-09T11:44:14.487Z /register
2026-02-09T11:44:14.512Z /events
2026-02-09T11:44:14.592Z /peers
2026-02-09T11:44:16.980Z /send
2026-02-09T11:44:20.223Z /send
2026-02-09T11:44:28.538Z /send
2026-02-09T11:44:44.421Z /register
2026-02-09T11:44:44.423Z /events
2026-02-09T11:44:44.493Z /peers
2026-02-09T11:44:51.210Z /send
2026-02-09T11:45:00.100Z /events
2026-02-09T11:45:00.101Z /register
2026-02-09T11:45:00.160Z /peers
2026-02-09T11:45:00.195Z /peers
2026-02-09T11:45:01.086Z /register
2026-02-09T11:45:01.089Z /events
2026-02-09T11:45:01.151Z /peers
2026-02-09T11:45:01.821Z /peers
2026-02-09T11:45:10.714Z /send
2026-02-09T11:45:19.219Z /register
2026-02-09T11:45:19.220Z /events
2026-02-09T11:45:19.342Z /peers
2026-02-09T11:45:29.120Z /send
2026-02-09T11:45:32.790Z /register
2026-02-09T11:45:32.794Z /events
2026-02-09T11:45:32.867Z /peers
2026-02-09T11:45:45.804Z /events
2026-02-09T11:45:45.805Z /register
2026-02-09T11:45:45.861Z /peers
2026-02-09T11:45:45.878Z /peers
2026-02-09T11:45:45.949Z /peers
2026-02-09T11:45:46.018Z /peers
2026-02-09T11:45:48.277Z /send
2026-02-09T11:45:49.139Z /send
2026-02-09T11:45:50.788Z /send
2026-02-09T11:45:51.292Z /send
2026-02-09T11:45:54.795Z /send
2026-02-09T11:46:00.381Z /send
2026-02-09T11:46:00.562Z /send
2026-02-09T11:46:04.396Z /send
2026-02-09T11:46:08.451Z /send
2026-02-09T11:46:09.899Z /send
2026-02-09T11:46:11.203Z /send
2026-02-09T11:46:11.756Z /send
2026-02-09T11:46:30.185Z /send
2026-02-09T11:46:40.307Z /send
2026-02-09T11:46:43.531Z /send
2026-02-09T11:46:46.077Z /send
2026-02-09T11:46:50.259Z /send
2026-02-09T11:46:55.844Z /send
2026-02-09T11:46:59.199Z /send
2026-02-09T11:46:59.262Z /send
2026-02-09T11:47:00.004Z /send
2026-02-09T11:47:01.361Z /send
2026-02-09T11:47:04.909Z /send
2026-02-09T11:47:15.348Z /send
2026-02-09T11:47:20.980Z /send
2026-02-09T11:47:30.111Z /send
2026-02-09T11:47:33.032Z /send
2026-02-09T11:47:35.692Z /send
2026-02-09T11:48:23.289Z /send
2026-02-09T11:48:40.927Z /send
2026-02-09T11:48:41.782Z /send
2026-02-09T11:48:45.644Z /send
2026-02-09T11:49:00.175Z /send
2026-02-09T11:49:29.449Z /send
2026-02-09T11:49:37.246Z /send
2026-02-09T11:49:39.267Z /send
2026-02-09T11:49:40.382Z /send
2026-02-09T11:49:43.050Z /send
2026-02-09T11:49:48.873Z /send
2026-02-09T11:49:56.246Z /send
2026-02-09T11:49:59.214Z /send
2026-02-09T11:50:05.851Z /send
2026-02-09T11:50:09.770Z /send
2026-02-09T11:50:13.383Z /send
2026-02-09T11:50:20.525Z /send
2026-02-09T11:50:26.513Z /send
2026-02-09T11:50:36.168Z /send
2026-02-09T11:50:43.327Z /send
2026-02-09T11:50:45.643Z /send
2026-02-09T11:50:56.983Z /send
2026-02-09T11:51:30.055Z /send
2026-02-09T11:51:52.177Z /send
2026-02-09T11:51:58.320Z /send
2026-02-09T11:52:18.615Z /send
2026-02-09T11:52:20.652Z /send
2026-02-09T11:54:09.060Z /send
2026-02-09T11:55:54.124Z /
2026-02-09T11:55:54.272Z /app.js
2026-02-09T11:55:54.337Z /version.txt
2026-02-09T11:56:14.181Z /send
2026-02-09T11:56:20.169Z /
2026-02-09T11:56:20.862Z /version.txt
2026-02-09T11:56:25.159Z /
2026-02-09T11:56:25.331Z /version.txt
2026-02-09T11:56:36.677Z /register
2026-02-09T11:56:36.679Z /events
2026-02-09T11:56:36.749Z /peers
2026-02-09T11:56:36.781Z /peers
2026-02-09T11:56:39.030Z /
2026-02-09T11:56:39.293Z /version.txt
2026-02-09T11:56:39.784Z /send
2026-02-09T11:57:09.494Z /send
2026-02-09T11:57:12.146Z /send
2026-02-09T11:57:15.480Z /send
2026-02-09T11:57:17.065Z /register
2026-02-09T11:57:17.070Z /events
2026-02-09T11:57:17.129Z /peers
2026-02-09T11:57:17.141Z /peers
2026-02-09T11:57:18.885Z /send
2026-02-09T11:57:33.151Z /register
2026-02-09T11:57:33.154Z /events
2026-02-09T11:57:33.226Z /peers
2026-02-09T11:57:33.316Z /peers
2026-02-09T11:57:47.494Z /register
2026-02-09T11:57:47.495Z /events
2026-02-09T11:57:47.550Z /peers
2026-02-09T11:57:47.566Z /peers
2026-02-09T11:57:56.982Z /
2026-02-09T11:57:57.705Z /version.txt
2026-02-09T11:58:04.951Z /
2026-02-09T11:58:05.869Z /version.txt
2026-02-09T11:58:27.290Z /register
2026-02-09T11:58:27.293Z /events
2026-02-09T11:58:27.349Z /peers
2026-02-09T11:58:34.854Z /register
2026-02-09T11:58:34.855Z /events
2026-02-09T11:58:34.927Z /peers
2026-02-09T11:58:49.831Z /register
2026-02-09T11:58:49.832Z /events
2026-02-09T11:58:49.894Z /peers
2026-02-09T11:58:49.907Z /peers
2026-02-09T11:58:49.947Z /peers
2026-02-09T11:58:53.152Z /send
2026-02-09T11:59:40.507Z /send
2026-02-09T11:59:42.102Z /send
2026-02-09T11:59:48.463Z /send
2026-02-09T11:59:51.797Z /send
2026-02-09T11:59:54.005Z /send
2026-02-09T12:00:00.515Z /send
2026-02-09T12:00:13.037Z /send
2026-02-09T12:00:21.371Z /send
2026-02-09T12:00:24.217Z /send
2026-02-09T12:00:44.808Z /register
2026-02-09T12:00:44.811Z /events
2026-02-09T12:00:44.868Z /peers
2026-02-09T12:00:45.372Z /register
2026-02-09T12:00:45.377Z /events
2026-02-09T12:00:45.448Z /peers
2026-02-09T12:00:45.486Z /peers
2026-02-09T12:00:50.106Z /send
2026-02-09T12:00:52.303Z /send
2026-02-09T12:00:54.166Z /send
2026-02-09T12:01:02.210Z /send
2026-02-09T12:01:05.666Z /send
2026-02-09T12:01:12.905Z /register
2026-02-09T12:01:12.906Z /events
2026-02-09T12:01:12.977Z /peers
2026-02-09T12:01:16.408Z /
2026-02-09T12:01:17.220Z /version.txt
2026-02-09T12:01:23.939Z /send
2026-02-09T12:01:24.827Z /
2026-02-09T12:01:25.097Z /version.txt
2026-02-09T12:01:27.011Z /register
2026-02-09T12:01:27.014Z /events
2026-02-09T12:01:27.086Z /peers
2026-02-09T12:01:27.093Z /register
2026-02-09T12:01:27.097Z /events
2026-02-09T12:01:27.172Z /peers
2026-02-09T12:01:27.873Z /register
2026-02-09T12:01:27.878Z /events
2026-02-09T12:01:27.951Z /peers
2026-02-09T12:02:50.738Z /register
2026-02-09T12:02:50.741Z /events
2026-02-09T12:02:50.796Z /peers
2026-02-09T12:02:50.848Z /peers
2026-02-09T12:02:50.902Z /peers
2026-02-09T12:02:50.955Z /peers
2026-02-09T12:02:52.608Z /register
2026-02-09T12:02:52.611Z /events
2026-02-09T12:02:52.671Z /peers
2026-02-09T12:02:53.083Z /register
2026-02-09T12:02:53.087Z /events
2026-02-09T12:02:53.145Z /peers
2026-02-09T12:02:58.953Z /send
2026-02-09T12:03:12.894Z /register
2026-02-09T12:03:12.898Z /events
2026-02-09T12:03:12.967Z /peers
2026-02-09T12:03:14.087Z /register
2026-02-09T12:03:14.090Z /events
2026-02-09T12:03:14.200Z /peers
2026-02-09T12:03:21.801Z /register
2026-02-09T12:03:21.802Z /events
2026-02-09T12:03:21.876Z /peers
2026-02-09T12:03:27.926Z /peers
2026-02-09T12:03:27.927Z /
2026-02-09T12:03:27.999Z /peers
2026-02-09T12:03:28.108Z /version.txt
2026-02-09T12:03:35.079Z /register
2026-02-09T12:03:35.080Z /events
2026-02-09T12:03:35.189Z /peers
2026-02-09T12:03:46.656Z /peers
2026-02-09T12:24:44.959Z /events
2026-02-09T13:13:07.333Z /events
2026-02-09T13:35:09.549Z /events
2026-02-09T14:06:45.392Z /favicon.ico
2026-02-09T18:12:14.062Z /favicon.ico
2026-02-10T12:17:27.393Z /favicon.ico
2026-02-10T13:12:09.709Z /getcmd
2026-02-10T13:12:09.714Z /
2026-02-10T13:12:09.720Z /
2026-02-10T13:12:10.480Z /
2026-02-10T13:12:10.484Z /getcmd
2026-02-10T13:12:10.499Z /
2026-02-10T13:12:10.503Z /
2026-02-10T13:12:10.507Z /getcmd
2026-02-10T13:12:10.591Z /
2026-02-10T13:12:13.099Z /getcmd
2026-02-10T13:12:13.111Z /
2026-02-10T13:12:13.308Z /
2026-02-10T13:12:13.762Z /
2026-02-10T13:12:13.887Z /
2026-02-10T13:12:13.890Z /getcmd
2026-02-10T13:12:13.977Z /
2026-02-10T13:12:13.979Z /getcmd
2026-02-10T13:12:13.983Z /
2026-02-10T13:12:13.987Z /
2026-02-10T13:12:13.989Z /getcmd
2026-02-10T13:12:14.203Z /
2026-02-10T13:12:17.410Z /getcmd
2026-02-10T13:12:17.411Z /
2026-02-10T13:12:20.510Z /
2026-02-10T13:13:28.660Z /getcmd
2026-02-10T13:13:28.664Z /
2026-02-10T13:13:35.999Z /
2026-02-10T13:13:37.113Z /
2026-02-10T16:43:51.414Z /
2026-02-10T16:43:51.556Z /
2026-02-11T03:50:21.441Z /
2026-02-11T03:50:21.445Z /getcmd
2026-02-11T03:50:21.448Z /
2026-02-11T03:50:21.454Z /getcmd
2026-02-11T03:50:21.464Z /
2026-02-11T03:50:21.466Z /
2026-02-11T06:23:51.818Z /
2026-02-11T06:23:51.963Z /
2026-02-11T11:33:10.626Z /
2026-02-11T11:33:10.783Z /
